// Jest Snapshot v1, https://goo.gl/fbAQLP

exports[`SubmitForm snapshot renders correctly 1`] = `
<form
  onSubmit={[Function]}
>
  <h1 />
  <h2>
    Submit your form
  </h2>
  <p>
    Now that you've completed the form, use the button below to submit it.
  </p>
  <button
    className="button-primary"
    disabled={false}
    id="submit-your-form"
    onClick={undefined}
    type="submit"
  >
    Submit
  </button>
  <p>
    <a
      href="#"
      onClick={[Function]}
    >
      Previous
    </a>
  </p>
</form>
`;
