// Jest Snapshot v1, https://goo.gl/fbAQLP

exports[`FailurePage snapshot should render correctly 1`] = `
<div
  className="system-failure"
>
  <h1>
    Contact the fostering team
  </h1>
  <div
    className="icon"
  >
    <span
      aria-hidden="true"
      className="fa fa-5x fa-exclamation"
    />
  </div>
  <h2>
    We're having some problems with this form
  </h2>
  <p>
    We're working on it and the form will be back as soon as possible
  </p>
  <p>
    <a
      className="button-primary"
      href="/"
    >
      Start again
    </a>
  </p>
</div>
`;
